%!Adobe-FontList 1.14
%Locale:0x419

%BeginFont
Handler:DirectoryHandler
FontType:Invalid
OutlineFileName:E:\self-assignment\4.2-4.3\Font\raleway-bold.eot
FileModTime:1490404376
%EndFont

%BeginFont
Handler:DirectoryHandler
FontType:Invalid
OutlineFileName:E:\self-assignment\4.2-4.3\Font\raleway-bold.svg
FileModTime:1490404376
%EndFont

%BeginFont
Handler:DirectoryHandler
FontType:TrueType
FontName:Raleway-Bold
FamilyName:Raleway
StyleName:Bold
FullName:Raleway Bold
MenuName:Raleway
StyleBits:2
WritingScript:Roman
OutlineFileName:E:\self-assignment\4.2-4.3\Font\raleway-bold.ttf
DataFormat:sfntData
FileLength:101848
FileModTime:1490404376
WeightClass:700
WidthClass:5
AngleClass:0
%EndFont

%BeginFont
Handler:DirectoryHandler
FontType:Invalid
OutlineFileName:E:\self-assignment\4.2-4.3\Font\raleway-bold.woff
FileModTime:1490404376
%EndFont

%BeginFont
Handler:DirectoryHandler
FontType:Invalid
OutlineFileName:E:\self-assignment\4.2-4.3\Font\raleway-extrabold.eot
FileModTime:1490404376
%EndFont

%BeginFont
Handler:DirectoryHandler
FontType:Invalid
OutlineFileName:E:\self-assignment\4.2-4.3\Font\raleway-extrabold.svg
FileModTime:1490404376
%EndFont

%BeginFont
Handler:DirectoryHandler
FontType:TrueType
FontName:Raleway-ExtraBold
FamilyName:Raleway
StyleName:ExtraBold
FullName:Raleway ExtraBold
MenuName:Raleway
StyleBits:2
WritingScript:Roman
OutlineFileName:E:\self-assignment\4.2-4.3\Font\raleway-extrabold.ttf
DataFormat:sfntData
FileLength:102028
FileModTime:1490404376
WeightClass:800
WidthClass:5
AngleClass:0
%EndFont

%BeginFont
Handler:DirectoryHandler
FontType:Invalid
OutlineFileName:E:\self-assignment\4.2-4.3\Font\raleway-extrabold.woff
FileModTime:1490404376
%EndFont

%BeginFont
Handler:DirectoryHandler
FontType:Invalid
OutlineFileName:E:\self-assignment\4.2-4.3\Font\raleway-extralight.eot
FileModTime:1490404376
%EndFont

%BeginFont
Handler:DirectoryHandler
FontType:Invalid
OutlineFileName:E:\self-assignment\4.2-4.3\Font\raleway-extralight.svg
FileModTime:1490404376
%EndFont

%BeginFont
Handler:DirectoryHandler
FontType:TrueType
FontName:Raleway-ExtraLight
FamilyName:Raleway
StyleName:ExtraLight
FullName:Raleway ExtraLight
MenuName:Raleway
StyleBits:0
WritingScript:Roman
OutlineFileName:E:\self-assignment\4.2-4.3\Font\raleway-extralight.ttf
DataFormat:sfntData
FileLength:98772
FileModTime:1490404376
WeightClass:200
WidthClass:5
AngleClass:0
%EndFont

%BeginFont
Handler:DirectoryHandler
FontType:Invalid
OutlineFileName:E:\self-assignment\4.2-4.3\Font\raleway-extralight.woff
FileModTime:1490404376
%EndFont

%BeginFont
Handler:DirectoryHandler
FontType:Invalid
OutlineFileName:E:\self-assignment\4.2-4.3\Font\raleway-heavy.eot
FileModTime:1490404376
%EndFont

%BeginFont
Handler:DirectoryHandler
FontType:Invalid
OutlineFileName:E:\self-assignment\4.2-4.3\Font\raleway-heavy.svg
FileModTime:1490404376
%EndFont

%BeginFont
Handler:DirectoryHandler
FontType:TrueType
FontName:Raleway-Heavy
FamilyName:Raleway
StyleName:Heavy
FullName:Raleway Heavy
MenuName:Raleway
StyleBits:2
WritingScript:Roman
OutlineFileName:E:\self-assignment\4.2-4.3\Font\raleway-heavy.ttf
DataFormat:sfntData
FileLength:108292
FileModTime:1490404376
WeightClass:900
WidthClass:5
AngleClass:0
%EndFont

%BeginFont
Handler:DirectoryHandler
FontType:Invalid
OutlineFileName:E:\self-assignment\4.2-4.3\Font\raleway-heavy.woff
FileModTime:1490404376
%EndFont

%BeginFont
Handler:DirectoryHandler
FontType:Invalid
OutlineFileName:E:\self-assignment\4.2-4.3\Font\raleway-light.eot
FileModTime:1490404376
%EndFont

%BeginFont
Handler:DirectoryHandler
FontType:Invalid
OutlineFileName:E:\self-assignment\4.2-4.3\Font\raleway-light.svg
FileModTime:1490404376
%EndFont

%BeginFont
Handler:DirectoryHandler
FontType:TrueType
FontName:Raleway-Light
FamilyName:Raleway
StyleName:Light
FullName:Raleway Light
MenuName:Raleway
StyleBits:0
WritingScript:Roman
OutlineFileName:E:\self-assignment\4.2-4.3\Font\raleway-light.ttf
DataFormat:sfntData
FileLength:104340
FileModTime:1490404376
WeightClass:300
WidthClass:5
AngleClass:0
%EndFont

%BeginFont
Handler:DirectoryHandler
FontType:Invalid
OutlineFileName:E:\self-assignment\4.2-4.3\Font\raleway-light.woff
FileModTime:1490404376
%EndFont

%BeginFont
Handler:DirectoryHandler
FontType:Invalid
OutlineFileName:E:\self-assignment\4.2-4.3\Font\raleway-medium.eot
FileModTime:1490404376
%EndFont

%BeginFont
Handler:DirectoryHandler
FontType:Invalid
OutlineFileName:E:\self-assignment\4.2-4.3\Font\raleway-medium.svg
FileModTime:1490404376
%EndFont

%BeginFont
Handler:DirectoryHandler
FontType:TrueType
FontName:Raleway-Medium
FamilyName:Raleway
StyleName:Medium
FullName:Raleway Medium
MenuName:Raleway
StyleBits:0
WritingScript:Roman
OutlineFileName:E:\self-assignment\4.2-4.3\Font\raleway-medium.ttf
DataFormat:sfntData
FileLength:101792
FileModTime:1490404376
WeightClass:500
WidthClass:5
AngleClass:0
%EndFont

%BeginFont
Handler:DirectoryHandler
FontType:Invalid
OutlineFileName:E:\self-assignment\4.2-4.3\Font\raleway-medium.woff
FileModTime:1490404376
%EndFont

%BeginFont
Handler:DirectoryHandler
FontType:Invalid
OutlineFileName:E:\self-assignment\4.2-4.3\Font\raleway-regular.eot
FileModTime:1490404376
%EndFont

%BeginFont
Handler:DirectoryHandler
FontType:Invalid
OutlineFileName:E:\self-assignment\4.2-4.3\Font\raleway-regular.svg
FileModTime:1490404376
%EndFont

%BeginFont
Handler:DirectoryHandler
FontType:TrueType
FontName:Raleway-Regular
FamilyName:Raleway
StyleName:Regular
FullName:Raleway Regular
MenuName:Raleway
StyleBits:0
WritingScript:Roman
OutlineFileName:E:\self-assignment\4.2-4.3\Font\raleway-regular.ttf
DataFormat:sfntData
FileLength:102876
FileModTime:1490404376
WeightClass:400
WidthClass:5
AngleClass:0
%EndFont

%BeginFont
Handler:DirectoryHandler
FontType:Invalid
OutlineFileName:E:\self-assignment\4.2-4.3\Font\raleway-regular.woff
FileModTime:1490404376
%EndFont

%BeginFont
Handler:DirectoryHandler
FontType:Invalid
OutlineFileName:E:\self-assignment\4.2-4.3\Font\raleway-semibold.eot
FileModTime:1490404376
%EndFont

%BeginFont
Handler:DirectoryHandler
FontType:Invalid
OutlineFileName:E:\self-assignment\4.2-4.3\Font\raleway-semibold.svg
FileModTime:1490404376
%EndFont

%BeginFont
Handler:DirectoryHandler
FontType:TrueType
FontName:Raleway-SemiBold
FamilyName:Raleway
StyleName:SemiBold
FullName:Raleway SemiBold
MenuName:Raleway
StyleBits:2
WritingScript:Roman
OutlineFileName:E:\self-assignment\4.2-4.3\Font\raleway-semibold.ttf
DataFormat:sfntData
FileLength:103968
FileModTime:1490404376
WeightClass:600
WidthClass:5
AngleClass:0
%EndFont

%BeginFont
Handler:DirectoryHandler
FontType:Invalid
OutlineFileName:E:\self-assignment\4.2-4.3\Font\raleway-semibold.woff
FileModTime:1490404376
%EndFont

%BeginFont
Handler:DirectoryHandler
FontType:Invalid
OutlineFileName:E:\self-assignment\4.2-4.3\Font\raleway-thin.eot
FileModTime:1490404376
%EndFont

%BeginFont
Handler:DirectoryHandler
FontType:Invalid
OutlineFileName:E:\self-assignment\4.2-4.3\Font\raleway-thin.svg
FileModTime:1490404376
%EndFont

%BeginFont
Handler:DirectoryHandler
FontType:TrueType
FontName:Raleway-Thin
FamilyName:Raleway
StyleName:Thin
FullName:Raleway Thin
MenuName:Raleway
StyleBits:0
WritingScript:Roman
OutlineFileName:E:\self-assignment\4.2-4.3\Font\raleway-thin.ttf
DataFormat:sfntData
FileLength:101388
FileModTime:1490404376
WeightClass:100
WidthClass:5
AngleClass:0
%EndFont

%BeginFont
Handler:DirectoryHandler
FontType:Invalid
OutlineFileName:E:\self-assignment\4.2-4.3\Font\raleway-thin.woff
FileModTime:1490404376
%EndFont

